// Jest Snapshot v1, https://goo.gl/fbAQLP

exports[`eslint-config-wantedly-typescript should match snapshot for env 1`] = `
Object {
  "browser": true,
  "es6": true,
  "jest/globals": true,
  "node": true,
}
`;

exports[`eslint-config-wantedly-typescript should match snapshot for extends 1`] = `
Array [
  "./configs/base.json",
  "plugin:@typescript-eslint/recommended",
  "prettier",
  "prettier/@typescript-eslint",
  "plugin:react/recommended",
]
`;

exports[`eslint-config-wantedly-typescript should match snapshot for globals 1`] = `
Object {
  "AbortController": false,
  "AbortSignal": false,
  "AnalyserNode": false,
  "Animation": false,
  "AnimationEffectReadOnly": false,
  "AnimationEffectTiming": false,
  "AnimationEffectTimingReadOnly": false,
  "AnimationEvent": false,
  "AnimationPlaybackEvent": false,
  "AnimationTimeline": false,
  "ApplicationCache": false,
  "ApplicationCacheErrorEvent": false,
  "Array": false,
  "ArrayBuffer": false,
  "Attr": false,
  "Audio": false,
  "AudioBuffer": false,
  "AudioBufferSourceNode": false,
  "AudioContext": false,
  "AudioDestinationNode": false,
  "AudioListener": false,
  "AudioNode": false,
  "AudioParam": false,
  "AudioProcessingEvent": false,
  "AudioScheduledSourceNode": false,
  "AudioWorkletGlobalScope ": false,
  "AudioWorkletNode": false,
  "AudioWorkletProcessor": false,
  "BarProp": false,
  "BaseAudioContext": false,
  "BatteryManager": false,
  "BeforeUnloadEvent": false,
  "BiquadFilterNode": false,
  "Blob": false,
  "BlobEvent": false,
  "Boolean": false,
  "BroadcastChannel": false,
  "BudgetService": false,
  "Buffer": false,
  "ByteLengthQueuingStrategy": false,
  "CSS": false,
  "CSSConditionRule": false,
  "CSSFontFaceRule": false,
  "CSSGroupingRule": false,
  "CSSImportRule": false,
  "CSSKeyframeRule": false,
  "CSSKeyframesRule": false,
  "CSSMediaRule": false,
  "CSSNamespaceRule": false,
  "CSSPageRule": false,
  "CSSRule": false,
  "CSSRuleList": false,
  "CSSStyleDeclaration": false,
  "CSSStyleRule": false,
  "CSSStyleSheet": false,
  "CSSSupportsRule": false,
  "Cache": false,
  "CacheStorage": false,
  "CanvasCaptureMediaStreamTrack": false,
  "CanvasGradient": false,
  "CanvasPattern": false,
  "CanvasRenderingContext2D": false,
  "ChannelMergerNode": false,
  "ChannelSplitterNode": false,
  "CharacterData": false,
  "ClipboardEvent": false,
  "CloseEvent": false,
  "Comment": false,
  "CompositionEvent": false,
  "ConstantSourceNode": false,
  "ConvolverNode": false,
  "CountQueuingStrategy": false,
  "Credential": false,
  "CredentialsContainer": false,
  "Crypto": false,
  "CryptoKey": false,
  "CustomElementRegistry": false,
  "CustomEvent": false,
  "DOMError": false,
  "DOMException": false,
  "DOMImplementation": false,
  "DOMMatrix": false,
  "DOMMatrixReadOnly": false,
  "DOMParser": false,
  "DOMPoint": false,
  "DOMPointReadOnly": false,
  "DOMQuad": false,
  "DOMRect": false,
  "DOMRectReadOnly": false,
  "DOMStringList": false,
  "DOMStringMap": false,
  "DOMTokenList": false,
  "DataTransfer": false,
  "DataTransferItem": false,
  "DataTransferItemList": false,
  "DataView": false,
  "Date": false,
  "DelayNode": false,
  "DeviceMotionEvent": false,
  "DeviceOrientationEvent": false,
  "Document": false,
  "DocumentFragment": false,
  "DocumentType": false,
  "DragEvent": false,
  "DynamicsCompressorNode": false,
  "Element": false,
  "Error": false,
  "ErrorEvent": false,
  "EvalError": false,
  "Event": false,
  "EventSource": false,
  "EventTarget": false,
  "File": false,
  "FileList": false,
  "FileReader": false,
  "Float32Array": false,
  "Float64Array": false,
  "FocusEvent": false,
  "FontFace": false,
  "FontFaceSetLoadEvent": false,
  "FormData": false,
  "Function": false,
  "GainNode": false,
  "Gamepad": false,
  "GamepadButton": false,
  "GamepadEvent": false,
  "HTMLAllCollection": false,
  "HTMLAnchorElement": false,
  "HTMLAreaElement": false,
  "HTMLAudioElement": false,
  "HTMLBRElement": false,
  "HTMLBaseElement": false,
  "HTMLBodyElement": false,
  "HTMLButtonElement": false,
  "HTMLCanvasElement": false,
  "HTMLCollection": false,
  "HTMLContentElement": false,
  "HTMLDListElement": false,
  "HTMLDataElement": false,
  "HTMLDataListElement": false,
  "HTMLDetailsElement": false,
  "HTMLDialogElement": false,
  "HTMLDirectoryElement": false,
  "HTMLDivElement": false,
  "HTMLDocument": false,
  "HTMLElement": false,
  "HTMLEmbedElement": false,
  "HTMLFieldSetElement": false,
  "HTMLFontElement": false,
  "HTMLFormControlsCollection": false,
  "HTMLFormElement": false,
  "HTMLFrameElement": false,
  "HTMLFrameSetElement": false,
  "HTMLHRElement": false,
  "HTMLHeadElement": false,
  "HTMLHeadingElement": false,
  "HTMLHtmlElement": false,
  "HTMLIFrameElement": false,
  "HTMLImageElement": false,
  "HTMLInputElement": false,
  "HTMLLIElement": false,
  "HTMLLabelElement": false,
  "HTMLLegendElement": false,
  "HTMLLinkElement": false,
  "HTMLMapElement": false,
  "HTMLMarqueeElement": false,
  "HTMLMediaElement": false,
  "HTMLMenuElement": false,
  "HTMLMetaElement": false,
  "HTMLMeterElement": false,
  "HTMLModElement": false,
  "HTMLOListElement": false,
  "HTMLObjectElement": false,
  "HTMLOptGroupElement": false,
  "HTMLOptionElement": false,
  "HTMLOptionsCollection": false,
  "HTMLOutputElement": false,
  "HTMLParagraphElement": false,
  "HTMLParamElement": false,
  "HTMLPictureElement": false,
  "HTMLPreElement": false,
  "HTMLProgressElement": false,
  "HTMLQuoteElement": false,
  "HTMLScriptElement": false,
  "HTMLSelectElement": false,
  "HTMLShadowElement": false,
  "HTMLSlotElement": false,
  "HTMLSourceElement": false,
  "HTMLSpanElement": false,
  "HTMLStyleElement": false,
  "HTMLTableCaptionElement": false,
  "HTMLTableCellElement": false,
  "HTMLTableColElement": false,
  "HTMLTableElement": false,
  "HTMLTableRowElement": false,
  "HTMLTableSectionElement": false,
  "HTMLTemplateElement": false,
  "HTMLTextAreaElement": false,
  "HTMLTimeElement": false,
  "HTMLTitleElement": false,
  "HTMLTrackElement": false,
  "HTMLUListElement": false,
  "HTMLUnknownElement": false,
  "HTMLVideoElement": false,
  "HashChangeEvent": false,
  "Headers": false,
  "History": false,
  "IDBCursor": false,
  "IDBCursorWithValue": false,
  "IDBDatabase": false,
  "IDBFactory": false,
  "IDBIndex": false,
  "IDBKeyRange": false,
  "IDBObjectStore": false,
  "IDBOpenDBRequest": false,
  "IDBRequest": false,
  "IDBTransaction": false,
  "IDBVersionChangeEvent": false,
  "IIRFilterNode": false,
  "IdleDeadline": false,
  "Image": false,
  "ImageBitmap": false,
  "ImageBitmapRenderingContext": false,
  "ImageCapture": false,
  "ImageData": false,
  "Infinity": false,
  "InputEvent": false,
  "Int16Array": false,
  "Int32Array": false,
  "Int8Array": false,
  "IntersectionObserver": false,
  "IntersectionObserverEntry": false,
  "Intl": false,
  "JSON": false,
  "KeyboardEvent": false,
  "KeyframeEffect": false,
  "KeyframeEffectReadOnly": false,
  "Location": false,
  "MIDIAccess": false,
  "MIDIConnectionEvent": false,
  "MIDIInput": false,
  "MIDIInputMap": false,
  "MIDIMessageEvent": false,
  "MIDIOutput": false,
  "MIDIOutputMap": false,
  "MIDIPort": false,
  "Map": false,
  "Math": false,
  "MediaDeviceInfo": false,
  "MediaDevices": false,
  "MediaElementAudioSourceNode": false,
  "MediaEncryptedEvent": false,
  "MediaError": false,
  "MediaKeyMessageEvent": false,
  "MediaKeySession": false,
  "MediaKeyStatusMap": false,
  "MediaKeySystemAccess": false,
  "MediaList": false,
  "MediaQueryList": false,
  "MediaQueryListEvent": false,
  "MediaRecorder": false,
  "MediaSettingsRange": false,
  "MediaSource": false,
  "MediaStream": false,
  "MediaStreamAudioDestinationNode": false,
  "MediaStreamAudioSourceNode": false,
  "MediaStreamEvent": false,
  "MediaStreamTrack": false,
  "MediaStreamTrackEvent": false,
  "MessageChannel": false,
  "MessageEvent": false,
  "MessagePort": false,
  "MimeType": false,
  "MimeTypeArray": false,
  "MouseEvent": false,
  "MutationEvent": false,
  "MutationObserver": false,
  "MutationRecord": false,
  "NaN": false,
  "NamedNodeMap": false,
  "NavigationPreloadManager": false,
  "Navigator": false,
  "NetworkInformation": false,
  "Node": false,
  "NodeFilter": false,
  "NodeIterator": false,
  "NodeList": false,
  "Notification": false,
  "Number": false,
  "Object": false,
  "OfflineAudioCompletionEvent": false,
  "OfflineAudioContext": false,
  "OffscreenCanvas": true,
  "Option": false,
  "OscillatorNode": false,
  "PageTransitionEvent": false,
  "PannerNode": false,
  "Path2D": false,
  "PaymentAddress": false,
  "PaymentRequest": false,
  "PaymentRequestUpdateEvent": false,
  "PaymentResponse": false,
  "Performance": false,
  "PerformanceEntry": false,
  "PerformanceLongTaskTiming": false,
  "PerformanceMark": false,
  "PerformanceMeasure": false,
  "PerformanceNavigation": false,
  "PerformanceNavigationTiming": false,
  "PerformanceObserver": false,
  "PerformanceObserverEntryList": false,
  "PerformancePaintTiming": false,
  "PerformanceResourceTiming": false,
  "PerformanceTiming": false,
  "PeriodicWave": false,
  "PermissionStatus": false,
  "Permissions": false,
  "PhotoCapabilities": false,
  "Plugin": false,
  "PluginArray": false,
  "PointerEvent": false,
  "PopStateEvent": false,
  "Presentation": false,
  "PresentationAvailability": false,
  "PresentationConnection": false,
  "PresentationConnectionAvailableEvent": false,
  "PresentationConnectionCloseEvent": false,
  "PresentationConnectionList": false,
  "PresentationReceiver": false,
  "PresentationRequest": false,
  "ProcessingInstruction": false,
  "ProgressEvent": false,
  "Promise": false,
  "PromiseRejectionEvent": false,
  "Proxy": false,
  "PushManager": false,
  "PushSubscription": false,
  "PushSubscriptionOptions": false,
  "RTCCertificate": false,
  "RTCDataChannel": false,
  "RTCDataChannelEvent": false,
  "RTCDtlsTransport": false,
  "RTCIceCandidate": false,
  "RTCIceGatherer": false,
  "RTCIceTransport": false,
  "RTCPeerConnection": false,
  "RTCPeerConnectionIceEvent": false,
  "RTCRtpContributingSource": false,
  "RTCRtpReceiver": false,
  "RTCRtpSender": false,
  "RTCSctpTransport": false,
  "RTCSessionDescription": false,
  "RTCStatsReport": false,
  "RTCTrackEvent": false,
  "RadioNodeList": false,
  "Range": false,
  "RangeError": false,
  "ReadableStream": false,
  "ReferenceError": false,
  "Reflect": false,
  "RegExp": false,
  "RemotePlayback": false,
  "Request": false,
  "ResizeObserver": false,
  "ResizeObserverEntry": false,
  "Response": false,
  "SVGAElement": false,
  "SVGAngle": false,
  "SVGAnimateElement": false,
  "SVGAnimateMotionElement": false,
  "SVGAnimateTransformElement": false,
  "SVGAnimatedAngle": false,
  "SVGAnimatedBoolean": false,
  "SVGAnimatedEnumeration": false,
  "SVGAnimatedInteger": false,
  "SVGAnimatedLength": false,
  "SVGAnimatedLengthList": false,
  "SVGAnimatedNumber": false,
  "SVGAnimatedNumberList": false,
  "SVGAnimatedPreserveAspectRatio": false,
  "SVGAnimatedRect": false,
  "SVGAnimatedString": false,
  "SVGAnimatedTransformList": false,
  "SVGAnimationElement": false,
  "SVGCircleElement": false,
  "SVGClipPathElement": false,
  "SVGComponentTransferFunctionElement": false,
  "SVGDefsElement": false,
  "SVGDescElement": false,
  "SVGDiscardElement": false,
  "SVGElement": false,
  "SVGEllipseElement": false,
  "SVGFEBlendElement": false,
  "SVGFEColorMatrixElement": false,
  "SVGFEComponentTransferElement": false,
  "SVGFECompositeElement": false,
  "SVGFEConvolveMatrixElement": false,
  "SVGFEDiffuseLightingElement": false,
  "SVGFEDisplacementMapElement": false,
  "SVGFEDistantLightElement": false,
  "SVGFEDropShadowElement": false,
  "SVGFEFloodElement": false,
  "SVGFEFuncAElement": false,
  "SVGFEFuncBElement": false,
  "SVGFEFuncGElement": false,
  "SVGFEFuncRElement": false,
  "SVGFEGaussianBlurElement": false,
  "SVGFEImageElement": false,
  "SVGFEMergeElement": false,
  "SVGFEMergeNodeElement": false,
  "SVGFEMorphologyElement": false,
  "SVGFEOffsetElement": false,
  "SVGFEPointLightElement": false,
  "SVGFESpecularLightingElement": false,
  "SVGFESpotLightElement": false,
  "SVGFETileElement": false,
  "SVGFETurbulenceElement": false,
  "SVGFilterElement": false,
  "SVGForeignObjectElement": false,
  "SVGGElement": false,
  "SVGGeometryElement": false,
  "SVGGradientElement": false,
  "SVGGraphicsElement": false,
  "SVGImageElement": false,
  "SVGLength": false,
  "SVGLengthList": false,
  "SVGLineElement": false,
  "SVGLinearGradientElement": false,
  "SVGMPathElement": false,
  "SVGMarkerElement": false,
  "SVGMaskElement": false,
  "SVGMatrix": false,
  "SVGMetadataElement": false,
  "SVGNumber": false,
  "SVGNumberList": false,
  "SVGPathElement": false,
  "SVGPatternElement": false,
  "SVGPoint": false,
  "SVGPointList": false,
  "SVGPolygonElement": false,
  "SVGPolylineElement": false,
  "SVGPreserveAspectRatio": false,
  "SVGRadialGradientElement": false,
  "SVGRect": false,
  "SVGRectElement": false,
  "SVGSVGElement": false,
  "SVGScriptElement": false,
  "SVGSetElement": false,
  "SVGStopElement": false,
  "SVGStringList": false,
  "SVGStyleElement": false,
  "SVGSwitchElement": false,
  "SVGSymbolElement": false,
  "SVGTSpanElement": false,
  "SVGTextContentElement": false,
  "SVGTextElement": false,
  "SVGTextPathElement": false,
  "SVGTextPositioningElement": false,
  "SVGTitleElement": false,
  "SVGTransform": false,
  "SVGTransformList": false,
  "SVGUnitTypes": false,
  "SVGUseElement": false,
  "SVGViewElement": false,
  "Screen": false,
  "ScreenOrientation": false,
  "ScriptProcessorNode": false,
  "SecurityPolicyViolationEvent": false,
  "Selection": false,
  "ServiceWorker": false,
  "ServiceWorkerContainer": false,
  "ServiceWorkerRegistration": false,
  "Set": false,
  "ShadowRoot": false,
  "SharedWorker": false,
  "SourceBuffer": false,
  "SourceBufferList": false,
  "SpeechSynthesisEvent": false,
  "SpeechSynthesisUtterance": false,
  "StaticRange": false,
  "StereoPannerNode": false,
  "Storage": false,
  "StorageEvent": false,
  "StorageManager": false,
  "String": false,
  "StyleSheet": false,
  "StyleSheetList": false,
  "SubtleCrypto": false,
  "Symbol": false,
  "SyntaxError": false,
  "TaskAttributionTiming": false,
  "Text": false,
  "TextDecoder": false,
  "TextEncoder": false,
  "TextEvent": false,
  "TextMetrics": false,
  "TextTrack": false,
  "TextTrackCue": false,
  "TextTrackCueList": false,
  "TextTrackList": false,
  "TimeRanges": false,
  "Touch": false,
  "TouchEvent": false,
  "TouchList": false,
  "TrackEvent": false,
  "TransitionEvent": false,
  "TreeWalker": false,
  "TypeError": false,
  "UIEvent": false,
  "URIError": false,
  "URL": false,
  "URLSearchParams": false,
  "Uint16Array": false,
  "Uint32Array": false,
  "Uint8Array": false,
  "Uint8ClampedArray": false,
  "VTTCue": false,
  "ValidityState": false,
  "VisualViewport": false,
  "WaveShaperNode": false,
  "WeakMap": false,
  "WeakSet": false,
  "WebAssembly": false,
  "WebGL2RenderingContext": false,
  "WebGLActiveInfo": false,
  "WebGLBuffer": false,
  "WebGLContextEvent": false,
  "WebGLFramebuffer": false,
  "WebGLProgram": false,
  "WebGLQuery": false,
  "WebGLRenderbuffer": false,
  "WebGLRenderingContext": false,
  "WebGLSampler": false,
  "WebGLShader": false,
  "WebGLShaderPrecisionFormat": false,
  "WebGLSync": false,
  "WebGLTexture": false,
  "WebGLTransformFeedback": false,
  "WebGLUniformLocation": false,
  "WebGLVertexArrayObject": false,
  "WebSocket": false,
  "WheelEvent": false,
  "Window": false,
  "Worker": false,
  "WritableStream": false,
  "XMLDocument": false,
  "XMLHttpRequest": false,
  "XMLHttpRequestEventTarget": false,
  "XMLHttpRequestUpload": false,
  "XMLSerializer": false,
  "XPathEvaluator": false,
  "XPathExpression": false,
  "XPathResult": false,
  "XSLTProcessor": false,
  "__dirname": false,
  "__filename": false,
  "addEventListener": false,
  "afterAll": false,
  "afterEach": false,
  "alert": false,
  "applicationCache": false,
  "atob": false,
  "beforeAll": false,
  "beforeEach": false,
  "blur": false,
  "btoa": false,
  "caches": false,
  "cancelAnimationFrame": false,
  "cancelIdleCallback": false,
  "clearImmediate": false,
  "clearInterval": false,
  "clearTimeout": false,
  "clientInformation": false,
  "close": false,
  "closed": false,
  "confirm": false,
  "console": false,
  "constructor": false,
  "createImageBitmap": false,
  "crypto": false,
  "customElements": false,
  "decodeURI": false,
  "decodeURIComponent": false,
  "defaultStatus": false,
  "defaultstatus": false,
  "describe": false,
  "devicePixelRatio": false,
  "dispatchEvent": false,
  "document": false,
  "encodeURI": false,
  "encodeURIComponent": false,
  "escape": false,
  "eval": false,
  "event": false,
  "expect": false,
  "exports": true,
  "external": false,
  "fetch": false,
  "find": false,
  "fit": false,
  "flushPromises": true,
  "focus": false,
  "frameElement": false,
  "frames": false,
  "getComputedStyle": false,
  "getSelection": false,
  "global": false,
  "hasOwnProperty": false,
  "history": false,
  "indexedDB": false,
  "innerHeight": false,
  "innerWidth": false,
  "isFinite": false,
  "isNaN": false,
  "isPrototypeOf": false,
  "isSecureContext": false,
  "it": false,
  "jasmine": false,
  "jest": false,
  "length": false,
  "localStorage": false,
  "location": true,
  "locationbar": false,
  "matchMedia": false,
  "menubar": false,
  "module": false,
  "moveBy": false,
  "moveTo": false,
  "name": false,
  "navigator": false,
  "offscreenBuffering": false,
  "onabort": true,
  "onafterprint": true,
  "onanimationend": true,
  "onanimationiteration": true,
  "onanimationstart": true,
  "onappinstalled": true,
  "onauxclick": true,
  "onbeforeinstallprompt": true,
  "onbeforeprint": true,
  "onbeforeunload": true,
  "onblur": true,
  "oncancel": true,
  "oncanplay": true,
  "oncanplaythrough": true,
  "onchange": true,
  "onclick": true,
  "onclose": true,
  "oncontextmenu": true,
  "oncuechange": true,
  "ondblclick": true,
  "ondevicemotion": true,
  "ondeviceorientation": true,
  "ondeviceorientationabsolute": true,
  "ondrag": true,
  "ondragend": true,
  "ondragenter": true,
  "ondragleave": true,
  "ondragover": true,
  "ondragstart": true,
  "ondrop": true,
  "ondurationchange": true,
  "onemptied": true,
  "onended": true,
  "onerror": true,
  "onfocus": true,
  "ongotpointercapture": true,
  "onhashchange": true,
  "oninput": true,
  "oninvalid": true,
  "onkeydown": true,
  "onkeypress": true,
  "onkeyup": true,
  "onlanguagechange": true,
  "onload": true,
  "onloadeddata": true,
  "onloadedmetadata": true,
  "onloadstart": true,
  "onlostpointercapture": true,
  "onmessage": true,
  "onmessageerror": true,
  "onmousedown": true,
  "onmouseenter": true,
  "onmouseleave": true,
  "onmousemove": true,
  "onmouseout": true,
  "onmouseover": true,
  "onmouseup": true,
  "onmousewheel": true,
  "onoffline": true,
  "ononline": true,
  "onpagehide": true,
  "onpageshow": true,
  "onpause": true,
  "onplay": true,
  "onplaying": true,
  "onpointercancel": true,
  "onpointerdown": true,
  "onpointerenter": true,
  "onpointerleave": true,
  "onpointermove": true,
  "onpointerout": true,
  "onpointerover": true,
  "onpointerup": true,
  "onpopstate": true,
  "onprogress": true,
  "onratechange": true,
  "onrejectionhandled": true,
  "onreset": true,
  "onresize": true,
  "onscroll": true,
  "onsearch": true,
  "onseeked": true,
  "onseeking": true,
  "onselect": true,
  "onstalled": true,
  "onstorage": true,
  "onsubmit": true,
  "onsuspend": true,
  "ontimeupdate": true,
  "ontoggle": true,
  "ontransitionend": true,
  "onunhandledrejection": true,
  "onunload": true,
  "onvolumechange": true,
  "onwaiting": true,
  "onwheel": true,
  "open": false,
  "openDatabase": false,
  "opener": false,
  "origin": false,
  "outerHeight": false,
  "outerWidth": false,
  "pageXOffset": false,
  "pageYOffset": false,
  "parent": false,
  "parseFloat": false,
  "parseInt": false,
  "pending": false,
  "performance": false,
  "personalbar": false,
  "pit": false,
  "postMessage": false,
  "print": false,
  "process": false,
  "prompt": false,
  "propertyIsEnumerable": false,
  "queueMicrotask": false,
  "registerProcessor": false,
  "removeEventListener": false,
  "requestAnimationFrame": false,
  "requestIdleCallback": false,
  "require": false,
  "resizeBy": false,
  "resizeTo": false,
  "screen": false,
  "screenLeft": false,
  "screenTop": false,
  "screenX": false,
  "screenY": false,
  "scroll": false,
  "scrollBy": false,
  "scrollTo": false,
  "scrollX": false,
  "scrollY": false,
  "scrollbars": false,
  "self": false,
  "sessionStorage": false,
  "setImmediate": false,
  "setInterval": false,
  "setTimeout": false,
  "speechSynthesis": false,
  "status": false,
  "statusbar": false,
  "stop": false,
  "styleMedia": false,
  "test": false,
  "toLocaleString": false,
  "toString": false,
  "toolbar": false,
  "top": false,
  "undefined": false,
  "unescape": false,
  "valueOf": false,
  "visualViewport": false,
  "window": false,
  "xdescribe": false,
  "xit": false,
  "xtest": false,
}
`;

exports[`eslint-config-wantedly-typescript should match snapshot for parser 1`] = `"/@typescript-eslint/parser/dist/parser.js"`;

exports[`eslint-config-wantedly-typescript should match snapshot for parserOptions 1`] = `
Object {
  "ecmaFeatures": Object {
    "experimentalObjectRestSpread": true,
    "globalReturn": true,
    "jsx": true,
  },
  "ecmaVersion": 6,
  "sourceType": "module",
}
`;

exports[`eslint-config-wantedly-typescript should match snapshot for plugins 1`] = `
Array [
  "@typescript-eslint",
  "react",
  "import",
  "jsx-a11y",
  "jest",
  "prettier",
  "use-macros",
  "react-hooks",
]
`;

exports[`eslint-config-wantedly-typescript should match snapshot for rules 1`] = `
Object {
  "@typescript-eslint/adjacent-overload-signatures": "error",
  "@typescript-eslint/array-type": "error",
  "@typescript-eslint/ban-types": "error",
  "@typescript-eslint/camelcase": Array [
    "error",
    Object {
      "ignoreDestructuring": true,
      "properties": "never",
    },
  ],
  "@typescript-eslint/class-name-casing": "error",
  "@typescript-eslint/explicit-function-return-type": Array [
    "off",
  ],
  "@typescript-eslint/explicit-member-accessibility": Array [
    "error",
    Object {
      "overrides": Object {
        "accessors": "no-public",
        "constructors": "no-public",
        "parameterProperties": "no-public",
      },
    },
  ],
  "@typescript-eslint/func-call-spacing": Array [
    "error",
    "never",
  ],
  "@typescript-eslint/indent": "off",
  "@typescript-eslint/interface-name-prefix": "error",
  "@typescript-eslint/member-delimiter-style": "off",
  "@typescript-eslint/no-angle-bracket-type-assertion": "error",
  "@typescript-eslint/no-array-constructor": "error",
  "@typescript-eslint/no-empty-interface": "error",
  "@typescript-eslint/no-explicit-any": Array [
    "off",
  ],
  "@typescript-eslint/no-extra-parens": "off",
  "@typescript-eslint/no-inferrable-types": "error",
  "@typescript-eslint/no-misused-new": "error",
  "@typescript-eslint/no-namespace": "error",
  "@typescript-eslint/no-non-null-assertion": "error",
  "@typescript-eslint/no-object-literal-type-assertion": "error",
  "@typescript-eslint/no-parameter-properties": "error",
  "@typescript-eslint/no-triple-slash-reference": "error",
  "@typescript-eslint/no-unused-vars": Array [
    "error",
    Object {
      "argsIgnorePattern": "^_",
      "ignoreRestSiblings": true,
      "varsIgnorePattern": "^_",
    },
  ],
  "@typescript-eslint/no-use-before-define": "off",
  "@typescript-eslint/no-useless-constructor": "off",
  "@typescript-eslint/no-var-requires": "error",
  "@typescript-eslint/prefer-interface": "error",
  "@typescript-eslint/prefer-namespace-keyword": "error",
  "@typescript-eslint/semi": Array [
    "error",
    "always",
  ],
  "@typescript-eslint/type-annotation-spacing": "off",
  "array-bracket-newline": "off",
  "array-bracket-spacing": "off",
  "array-callback-return": "off",
  "array-element-newline": "off",
  "arrow-body-style": Array [
    "off",
  ],
  "arrow-parens": Array [
    "warn",
    "as-needed",
  ],
  "arrow-spacing": "off",
  "block-spacing": "off",
  "brace-style": "off",
  "camelcase": "off",
  "class-methods-use-this": "off",
  "comma-dangle": Array [
    "error",
    Object {
      "arrays": "always-multiline",
      "exports": "always-multiline",
      "functions": "never",
      "imports": "always-multiline",
      "objects": "always-multiline",
    },
  ],
  "comma-spacing": "off",
  "comma-style": "off",
  "computed-property-spacing": "off",
  "consistent-return": "off",
  "constructor-super": "error",
  "curly": 0,
  "dot-location": "off",
  "dot-notation": "warn",
  "eol-last": "off",
  "eqeqeq": "error",
  "for-direction": "error",
  "func-call-spacing": "off",
  "function-paren-newline": "off",
  "generator-star": "off",
  "generator-star-spacing": Array [
    "off",
  ],
  "getter-return": "error",
  "implicit-arrow-linebreak": "off",
  "import/extensions": "off",
  "import/first": "warn",
  "import/no-extraneous-dependencies": Array [
    "off",
  ],
  "import/no-unresolved": Array [
    "off",
  ],
  "import/prefer-default-export": "off",
  "indent": "off",
  "indent-legacy": "off",
  "jsx-a11y/alt-text": "off",
  "jsx-a11y/label-has-for": "off",
  "jsx-a11y/no-noninteractive-element-interactions": "off",
  "jsx-a11y/no-static-element-interactions": "off",
  "jsx-no-target-blank": "off",
  "jsx-quotes": Array [
    "off",
  ],
  "key-spacing": "off",
  "keyword-spacing": "off",
  "linebreak-style": Array [
    "error",
    "unix",
  ],
  "lines-around-comment": 0,
  "max-len": Array [
    "off",
  ],
  "multiline-ternary": "off",
  "new-cap": Array [
    "error",
    Object {
      "capIsNew": false,
      "newIsCap": true,
      "properties": true,
    },
  ],
  "new-parens": "off",
  "newline-per-chained-call": "off",
  "no-alert": "off",
  "no-array-constructor": "off",
  "no-arrow-condition": "off",
  "no-case-declarations": "error",
  "no-class-assign": "error",
  "no-comma-dangle": "off",
  "no-compare-neg-zero": "error",
  "no-cond-assign": "warn",
  "no-confusing-arrow": 0,
  "no-console": "error",
  "no-const-assign": "error",
  "no-constant-condition": "error",
  "no-control-regex": "error",
  "no-debugger": "error",
  "no-delete-var": "error",
  "no-dupe-args": "error",
  "no-dupe-class-members": "error",
  "no-dupe-keys": "error",
  "no-duplicate-case": "error",
  "no-else-return": "warn",
  "no-empty": "error",
  "no-empty-character-class": "error",
  "no-empty-pattern": "error",
  "no-ex-assign": "error",
  "no-extra-boolean-cast": "warn",
  "no-extra-parens": "off",
  "no-extra-semi": "off",
  "no-fallthrough": "error",
  "no-floating-decimal": "off",
  "no-func-assign": "error",
  "no-global-assign": "error",
  "no-inner-declarations": "error",
  "no-invalid-regexp": "error",
  "no-irregular-whitespace": "error",
  "no-lonely-if": "warn",
  "no-mixed-operators": Array [
    "warn",
    Object {
      "allowSamePrecedence": true,
      "groups": Array [
        Array [
          "&",
          "|",
          "^",
          "~",
          "<<",
          ">>",
          ">>>",
        ],
        Array [
          "&&",
          "||",
        ],
      ],
    },
  ],
  "no-mixed-spaces-and-tabs": "off",
  "no-multi-spaces": "off",
  "no-multiple-empty-lines": "off",
  "no-nested-ternary": "off",
  "no-new-symbol": "error",
  "no-obj-calls": "error",
  "no-octal": "error",
  "no-param-reassign": "error",
  "no-plusplus": Array [
    "error",
    Object {
      "allowForLoopAfterthoughts": true,
    },
  ],
  "no-redeclare": "error",
  "no-regex-spaces": "error",
  "no-reserved-keys": "off",
  "no-self-assign": "error",
  "no-shadow": "off",
  "no-space-before-semi": "off",
  "no-spaced-func": "off",
  "no-sparse-arrays": "error",
  "no-tabs": 0,
  "no-this-before-super": "error",
  "no-trailing-spaces": "off",
  "no-undef": "error",
  "no-underscore-dangle": Array [
    "off",
  ],
  "no-unexpected-multiline": 0,
  "no-unreachable": "error",
  "no-unsafe-finally": "error",
  "no-unsafe-negation": "error",
  "no-unused-labels": "error",
  "no-unused-vars": "off",
  "no-use-before-define": "off",
  "no-useless-constructor": "off",
  "no-useless-escape": "off",
  "no-whitespace-before-property": "off",
  "no-wrap-func": "off",
  "nonblock-statement-body-position": "off",
  "object-curly-newline": "off",
  "object-curly-spacing": "off",
  "object-property-newline": "off",
  "object-shorthand": "warn",
  "one-var-declaration-per-line": "off",
  "operator-linebreak": "off",
  "padded-blocks": "off",
  "prefer-arrow-callback": 0,
  "prefer-const": "warn",
  "prefer-template": "warn",
  "quote-props": Array [
    "warn",
    "as-needed",
  ],
  "quotes": Array [
    "off",
  ],
  "react-hooks/exhaustive-deps": "warn",
  "react-hooks/rules-of-hooks": "error",
  "react/display-name": 2,
  "react/forbid-prop-types": "off",
  "react/jsx-closing-bracket-location": "warn",
  "react/jsx-filename-extension": Array [
    "warn",
    Object {
      "extensions": Array [
        ".jsx",
        ".tsx",
      ],
    },
  ],
  "react/jsx-indent": Array [
    "warn",
    2,
  ],
  "react/jsx-indent-props": Array [
    "warn",
    2,
  ],
  "react/jsx-key": 2,
  "react/jsx-no-bind": Array [
    "warn",
    Object {
      "allowArrowFunctions": true,
      "allowBind": false,
      "allowFunctions": false,
      "ignoreDOMComponents": false,
      "ignoreRefs": false,
    },
  ],
  "react/jsx-no-comment-textnodes": 2,
  "react/jsx-no-duplicate-props": "error",
  "react/jsx-no-target-blank": "warn",
  "react/jsx-no-undef": 2,
  "react/jsx-uses-react": 2,
  "react/jsx-uses-vars": "error",
  "react/jsx-wrap-multilines": "warn",
  "react/no-array-index-key": "error",
  "react/no-children-prop": 2,
  "react/no-danger-with-children": 2,
  "react/no-deprecated": 2,
  "react/no-did-update-set-state": "error",
  "react/no-direct-mutation-state": 2,
  "react/no-find-dom-node": "error",
  "react/no-is-mounted": 2,
  "react/no-multi-comp": "off",
  "react/no-render-return-value": 2,
  "react/no-string-refs": "error",
  "react/no-unescaped-entities": 2,
  "react/no-unknown-property": 2,
  "react/no-unsafe": 0,
  "react/no-unused-prop-types": "off",
  "react/prop-types": "off",
  "react/react-in-jsx-scope": 2,
  "react/require-default-props": "off",
  "react/require-render-return": 2,
  "require-yield": "error",
  "rest-spread-spacing": "off",
  "semi": "off",
  "semi-spacing": "off",
  "semi-style": "off",
  "space-after-function-name": "off",
  "space-after-keywords": "off",
  "space-before-blocks": "off",
  "space-before-function-paren": Array [
    "warn",
    Object {
      "anonymous": "never",
      "asyncArrow": "always",
      "named": "never",
    },
  ],
  "space-before-function-parentheses": "off",
  "space-before-keywords": "off",
  "space-in-brackets": "off",
  "space-in-parens": "off",
  "space-infix-ops": "off",
  "space-return-throw-case": "off",
  "space-unary-ops": "off",
  "space-unary-word-ops": "off",
  "switch-colon-spacing": "off",
  "template-curly-spacing": "off",
  "template-tag-spacing": "off",
  "unicode-bom": "off",
  "use-isnan": "error",
  "use-macros/graphql-tag": "error",
  "use-macros/styled-components": "error",
  "valid-typeof": "error",
  "wrap-iife": "off",
  "wrap-regex": "off",
  "yield-star-spacing": "off",
}
`;
